// Jest Snapshot v1, https://goo.gl/fbAQLP

exports[`App should render correctly 1`] = `
<div
  className="App"
>
  <header
    className="App-header"
  >
    <img
      alt="logo"
      className="App-logo"
      src="santa-claus.png"
    />
    <h1
      className="App-title"
    >
      Wish List
    </h1>
  </header>
  <div
    className="list"
  >
    <ul>
      <li
        className="item"
      >
        <img
          alt="name1"
          src="http://www.something/com/image1.png"
        />
        <h3>
          name1
        </h3>
        <span>
          $1.00
        </span>
        <span>
          <button
            onClick={[Function]}
          >
            <span
              aria-label="Edit"
              role="img"
            >
              ✏️
            </span>
          </button>
          <button
            onClick={[Function]}
          >
            <span
              aria-label="Remove"
              role="img"
            >
              ❌
            </span>
          </button>
        </span>
      </li>
      <li
        className="item"
      >
        <img
          alt="name2"
          src="http://www.something/com/image2.png"
        />
        <h3>
          name2
        </h3>
        <span>
          $2.00
        </span>
        <span>
          <button
            onClick={[Function]}
          >
            <span
              aria-label="Edit"
              role="img"
            >
              ✏️
            </span>
          </button>
          <button
            onClick={[Function]}
          >
            <span
              aria-label="Remove"
              role="img"
            >
              ❌
            </span>
          </button>
        </span>
      </li>
      <li
        className="item"
      >
        <img
          alt="name3"
          src="http://www.something/com/image3.png"
        />
        <h3>
          name3
        </h3>
        <span>
          $3.00
        </span>
        <span>
          <button
            onClick={[Function]}
          >
            <span
              aria-label="Edit"
              role="img"
            >
              ✏️
            </span>
          </button>
          <button
            onClick={[Function]}
          >
            <span
              aria-label="Remove"
              role="img"
            >
              ❌
            </span>
          </button>
        </span>
      </li>
    </ul>
    <div>
      Total: 
      $1,234.56
    </div>
    <div
      style={
        Object {
          "marginTop": "2em",
        }
      }
    >
      <div>
        <div
          className="item-edit"
        >
          <div>
             Thing: 
            <input
              onChange={[Function]}
              value=""
            />
             
          </div>
          <div>
             Price: 
            <input
              onChange={[Function]}
              value={0}
            />
             
          </div>
          <div>
             Image: 
            <input
              onChange={[Function]}
              value=""
            />
             
          </div>
        </div>
        <button
          onClick={[Function]}
        >
          <span
            aria-label="Add"
            role="img"
          >
            Add
          </span>
        </button>
      </div>
    </div>
  </div>
</div>
`;
