// Jest Snapshot v1, https://goo.gl/fbAQLP

exports[`App should render correctly 1`] = `
<div
  className="App"
>
  <header
    className="App-header"
  >
    <img
      alt="logo"
      className="App-logo"
      src="santa-claus.png"
    />
    <h1
      className="App-title"
    >
      Wish List
    </h1>
  </header>
  <select
    onChange={[Function]}
  >
    <option>
      - Select user -
    </option>
    <option
      value="a342"
    >
      Homer
    </option>
    <option
      value="5fc2"
    >
      Marge
    </option>
    <option
      value="663b"
    >
      Bart
    </option>
    <option
      value="65aa"
    >
      Maggie
    </option>
    <option
      value="ba32"
    >
      Lisa
    </option>
  </select>
  <button
    onClick={[Function]}
  >
    Draw lots
  </button>
</div>
`;
