// Jest Snapshot v1, https://goo.gl/fbAQLP

exports[`WishListView should render correctly 1`] = `
<div
  className="list"
>
  <ul>
    <li
      className="item"
    >
      <img
        alt="name1"
        src="http://www.something/com/image1.png"
      />
      <h3>
        name1
      </h3>
      $1.00
      <button
        onClick={[Function]}
      >
        <span
          aria-label="Edit"
          role="img"
        >
          ✏️
        </span>
      </button>
      <button
        onClick={[Function]}
      >
        <span
          aria-label="Remove"
          role="img"
        >
          ❌
        </span>
      </button>
    </li>
    <li
      className="item"
    >
      <img
        alt="name2"
        src="http://www.something/com/image2.png"
      />
      <h3>
        name2
      </h3>
      $2.00
      <button
        onClick={[Function]}
      >
        <span
          aria-label="Edit"
          role="img"
        >
          ✏️
        </span>
      </button>
      <button
        onClick={[Function]}
      >
        <span
          aria-label="Remove"
          role="img"
        >
          ❌
        </span>
      </button>
    </li>
    <li
      className="item"
    >
      <img
        alt="name3"
        src="http://www.something/com/image3.png"
      />
      <h3>
        name3
      </h3>
      $3.00
      <button
        onClick={[Function]}
      >
        <span
          aria-label="Edit"
          role="img"
        >
          ✏️
        </span>
      </button>
      <button
        onClick={[Function]}
      >
        <span
          aria-label="Remove"
          role="img"
        >
          ❌
        </span>
      </button>
    </li>
  </ul>
  <div>
    Total: 
    $1,234.56
  </div>
  <div
    style={
      Object {
        "marginTop": "2em",
      }
    }
  >
    <div>
      <div
        className="item-edit"
      >
        <div>
          <div
            className="item-edit-label"
          >
            <label
              htmlFor="name"
            >
              Thing:
            </label>
          </div>
          <input
            id="name"
            onChange={[Function]}
            value=""
          />
        </div>
        <div>
          <div
            className="item-edit-label"
          >
            <label
              htmlFor="price"
            >
              Price:
            </label>
          </div>
          <input
            id="price"
            onChange={[Function]}
            value={0}
          />
        </div>
        <div>
          <div
            className="item-edit-label"
          >
            <label
              htmlFor="image"
            >
              Image:
            </label>
          </div>
          <input
            id="image"
            onChange={[Function]}
            value=""
          />
        </div>
      </div>
      <button
        onClick={[Function]}
      >
        <span
          aria-label="Add"
          role="img"
        >
          Add
        </span>
      </button>
    </div>
  </div>
</div>
`;
