// Jest Snapshot v1, https://goo.gl/fbAQLP

exports[`WishListItemEntry should render correctly 1`] = `
<div>
  <div
    className="item-edit"
  >
    <div>
       Thing: 
      <input
        onChange={[Function]}
        value=""
      />
       
    </div>
    <div>
       Price: 
      <input
        onChange={[Function]}
        value={0}
      />
       
    </div>
    <div>
       Image: 
      <input
        onChange={[Function]}
        value=""
      />
       
    </div>
  </div>
  <button
    onClick={[Function]}
  >
    <span
      aria-label="Add"
      role="img"
    >
      Add
    </span>
  </button>
</div>
`;
